// Jest Snapshot v1, https://jestjs.io/docs/snapshot-testing

exports[`<AuthFooter /> should match snapshot 1`] = `
<DocumentFragment>
  <footer
    class="mx_AuthFooter"
    role="contentinfo"
  >
    <a
      href="TWYNKY22blog"
      rel="noreferrer noopener"
      target="_blank"
    >
      Blog
    </a>
    <a
      href=""
      rel="noreferrer noopener"
      target="_blank"
    >
      Mastodon
    </a>
    <a
      href=""
      rel="noreferrer noopener"
      target="_blank"
    >
      GitHub
    </a>
    <a
      href=""
      rel="noreferrer noopener"
      target="_blank"
    >
      Powered by Matrix
    </a>
  </footer>
</DocumentFragment>
`;
